Buildfile: C:\Users\Office1\Downloads\college\Software\estructuras de datos\Proyectos\Proyectos\build.xml

-pre-init:

-init-private:

-init-user:

-init-project:

-init-macrodef-property:

-init-modules-supported:

-do-init:

-post-init:

-init-check:

-init-ap-cmdline-properties:

-init-macrodef-modulename:

-init-source-module-properties:

-init-macrodef-javac-with-module:

-init-macrodef-javac-with-processors:

-init-macrodef-javac-without-processors:

-init-macrodef-javac:

-init-macrodef-test-impl:

-init-macrodef-junit-init:

-init-test-properties:

-init-macrodef-junit-prototype-with-module:

-init-macrodef-junit-prototype-without-module:

-init-macrodef-junit-single:

-init-macrodef-junit-batch:

-init-macrodef-junit:

-init-macrodef-junit-impl:

-init-macrodef-testng:

-init-macrodef-testng-impl:

-init-macrodef-test:

-init-macrodef-junit-debug-impl:

-init-macrodef-test-debug-junit:

-init-macrodef-testng-debug:

-init-macrodef-testng-debug-impl:

-init-macrodef-test-debug-testng:

-init-macrodef-test-debug:

-init-debug-args:

-init-macrodef-nbjpda:

-init-macrodef-debug:

-init-macrodef-java-with-module:

-init-macrodef-java-with-unnamed-module:

-init-macrodef-java-without-module:

-init-macrodef-java:

-init-presetdef-jar:

-init-ap-cmdline-supported:

-init-ap-cmdline:

init:

-deps-jar-init:
   [delete] Deleting: C:\Users\Office1\Downloads\college\Software\estructuras de datos\Proyectos\Proyectos\build\built-jar.properties

deps-jar:

-warn-already-built-jar:
[propertyfile] Updating property file: C:\Users\Office1\Downloads\college\Software\estructuras de datos\Proyectos\Proyectos\build\built-jar.properties

-check-automatic-build:

-clean-after-automatic-build:

-verify-automatic-build:

-pre-pre-compile:

-pre-compile:

-copy-persistence-xml:

-compile-depend:

-do-compile:
    [javac] Compiling 9 source files to C:\Users\Office1\Downloads\college\Software\estructuras de datos\Proyectos\Proyectos\build\classes
    [javac] C:\Users\Office1\Downloads\college\Software\estructuras de datos\Proyectos\Proyectos\src\com\raven\service\OAuth2CallbackHandler.java:212: error: cannot find symbol
    [javac]                         GoogleAuthService.GoogleUserInfo userInfo = authService.exchangeCodeForUserInfo(code);
    [javac]                                                                                ^
    [javac]   symbol:   method exchangeCodeForUserInfo(String)
    [javac]   location: variable authService of type GoogleAuthService
    [javac] C:\Users\Office1\Downloads\college\Software\estructuras de datos\Proyectos\Proyectos\src\com\raven\service\OAuth2CallbackHandler.java:284: error: cannot find symbol
    [javac]                         GoogleAuthService.GoogleUserInfo userInfo = authService.exchangeCodeForUserInfo(code);
    [javac]                                                                                ^
    [javac]   symbol:   method exchangeCodeForUserInfo(String)
    [javac]   location: variable authService of type GoogleAuthService
    [javac] 2 errors
ant : 
At line:1 char:1
+ ant compile 2>&1 | 
Out-File compile.log; 
Get-Content compile.log 
-Tai ...
+ ~~~~~~~~~~~~~~~~
    + CategoryInfo          
    : NotSpecified: (:Stri  
  ng) [], RemoteException
    + FullyQualifiedErrorId 
    : NativeCommandError
 
BUILD FAILED
C:\Users\Office1\Downloads\c
ollege\Software\estructuras 
de datos\Proyectos\Proyectos
\nbproject\build-impl.xml:10
96: The following error 
occurred while executing 
this line:
C:\Users\Office1\Downloads\c
ollege\Software\estructuras 
de datos\Proyectos\Proyectos
\nbproject\build-impl.xml:39
7: Compile failed; see the 
compiler error output for 
details.

Total time: 3 seconds
